// Vitest Snapshot v1, https://vitest.dev/guide/snapshot.html

exports[`should render content correctly 1`] = `
<div class="van-text-ellipsis">
  Vant is a lightweight, customizable mobile component library th...
  <span class="van-text-ellipsis__action">
  </span>
</div>
`;
